---
source: src/bean.rs
expression: bean
---
{
  "span": {
    "start": 0,
    "end": 106
  },
  "id": {
    "value": "myBean",
    "span": {
      "start": 10,
      "end": 16
    }
  },
  "names": [],
  "class": {
    "value": {
      "raw": "com.example.MyService"
    },
    "span": {
      "start": 25,
      "end": 46
    }
  },
  "parent": null,
  "scope": null,
  "abstract": false,
  "lazy_init": null,
  "primary": false,
  "autowire": null,
  "autowire_candidate": null,
  "depends_on": [],
  "factory_bean": null,
  "factory_method": null,
  "init_method": null,
  "destroy_method": null,
  "properties": [],
  "constructor_args": [],
  "lookup_methods": [],
  "replaced_methods": [],
  "qualifiers": [],
  "decorators": [],
  "description": {
    "value": "Handles example widgets.",
    "span": {
      "start": 61,
      "end": 85
    }
  },
  "meta": []
}
